After 1: [ -1 1 0 0 0 0 0 ]
After 2: [ -1 1 0 0 0 0 0 ]
After 3: [ -1 1 0 0 0 0 0 ]
After 4: [ -1 1 0 0 0 0 0 ]
After 5: [ -1 1 0 0 0 0 0 ]
After 6: [ -1 1 0 0 0 0 0 ]
Posibles: [ 0 1 1 1 1 1 ]
Intervalos: 
{ 0 1 } { 2 3 } { 4 5 } { 0 2 } { 3 5 } { 0 3 } { 4 5 } { 0 4 } { 5 5 } { 0 5 } 
limit Right: [ 1 6 3 6 6 5 ]
Intervalos filtrados:
{ 0 1 } { 2 3 } { 5 5 } 
Nearest lower: [ -1 -1 0 0 2 2 5 ]
Query 1: 0
Query 2: 1
Query 3: 2
Query 4: 3
Query 5: 6
DP: 0 1 1 2 3 6 
6
================================
After 1: [ 0 0 -1 1 0 0 ]
After 2: [ 0 0 -2 1 1 0 ]
After 3: [ 0 0 -2 0 1 1 ]
After 4: [ 0 0 -2 0 0 2 ]
After 5: [ 0 0 -2 0 0 2 ]
Posibles: [ 1 1 0 0 0 ]
Intervalos: 
{ 0 0 } { 1 1 } { 0 1 } { 0 2 } { 0 3 } { 0 4 } 
limit Right: [ 0 1 5 5 5 ]
Intervalos filtrados:
{ 0 0 } { 1 1 } 
Nearest lower: [ -1 0 1 1 1 1 ]
Query 0: 0
Query 1: 1
DP: 1 1 0 0 0 
1
================================
After 1: [ 0 -1 1 0 0 0 0 ]
After 2: [ 0 -1 1 0 -1 0 1 ]
After 3: [ 0 -1 1 -1 -1 0 2 ]
After 4: [ 0 -1 1 -1 -2 0 3 ]
After 5: [ 0 -1 1 -1 -2 -1 4 ]
After 6: [ 0 -1 1 -1 -2 -1 4 ]
Posibles: [ 1 0 1 0 0 0 ]
Intervalos: 
{ 0 0 } { 0 1 } { 2 3 } { 0 2 } { 0 3 } { 0 4 } { 0 5 } 
limit Right: [ 0 6 3 6 6 6 ]
Intervalos filtrados:
{ 0 0 } { 2 3 } 
Nearest lower: [ -1 0 0 0 2 2 2 ]
Query 0: 0
Query 2: 1
DP: 1 0 1 0 0 0 
1
================================
After 1: [ -1 1 ]
Posibles: [ 0 ]
Intervalos: 

limit Right: [ 1 ]
Intervalos filtrados:

Nearest lower: [ -1 -1 ]
DP: 0 
0
================================
After 1: [ -1 1 0 0 0 0 0 0 0 0 0 0 0 0 0 0 0 ]
After 2: [ -1 1 -1 0 1 0 0 0 0 0 0 0 0 0 0 0 0 ]
After 3: [ -1 1 -1 0 1 0 -1 0 0 1 0 0 0 0 0 0 0 ]
After 4: [ -1 1 -1 0 1 0 -1 0 0 1 0 0 0 0 0 0 0 ]
After 5: [ -1 1 -1 0 1 -1 -1 0 0 1 1 0 0 0 0 0 0 ]
After 6: [ -1 1 -1 0 1 -1 -1 0 0 1 1 0 0 0 0 0 0 ]
After 7: [ -1 1 -1 0 1 -1 -1 0 0 1 1 0 0 0 0 0 0 ]
After 8: [ -1 1 -1 0 1 -1 -1 0 0 1 1 0 0 0 0 0 0 ]
After 9: [ -1 1 -1 0 1 -1 -1 0 0 1 1 0 0 0 0 0 0 ]
After 10: [ -1 1 -1 0 1 -1 -1 0 0 1 1 0 0 0 0 0 0 ]
After 11: [ -1 1 -1 0 1 -1 -1 0 0 1 1 0 0 0 0 0 0 ]
After 12: [ -1 1 -1 0 1 -1 -1 0 0 1 1 0 0 0 0 0 0 ]
After 13: [ -1 1 -1 0 1 -1 -1 0 0 1 1 0 0 0 0 0 0 ]
After 14: [ -1 1 -1 0 1 -1 -1 0 0 1 1 0 0 0 -1 0 1 ]
After 15: [ -1 1 -1 0 1 -1 -1 0 0 1 1 0 0 0 -1 -1 2 ]
After 16: [ -1 1 -1 0 1 -1 -1 0 0 1 1 0 0 0 -1 -1 2 ]
Posibles: [ 0 1 0 0 1 0 0 0 0 0 1 1 1 1 0 0 ]
Intervalos: 
{ 0 1 } { 0 2 } { 3 5 } { 0 3 } { 4 7 } { 8 11 } { 12 15 } { 0 4 } { 0 5 } { 6 11 } { 12 15 } { 0 6 } { 7 13 } { 14 15 } { 0 7 } { 8 15 } { 0 8 } { 9 15 } { 0 9 } { 10 15 } { 0 10 } { 11 15 } { 0 11 } { 12 15 } { 0 12 } { 13 15 } { 0 13 } { 0 14 } { 0 15 } 
limit Right: [ 1 16 16 5 7 16 16 16 11 16 16 16 16 16 15 16 ]
Intervalos filtrados:
{ 0 1 } { 3 5 } { 4 7 } { 8 11 } { 14 15 } 
Nearest lower: [ -1 -1 0 0 0 0 3 3 4 4 4 4 8 8 8 8 14 ]
Query 1: 0
Query 4: 1
Query 10: 1
Query 11: 2
Query 12: 3
Query 13: 6
DP: 0 1 0 0 1 0 0 0 0 0 1 2 3 6 0 0 
0
================================
Tiempo de ejecucion: 0.0018443 segundos
